// Jest Snapshot v1, https://goo.gl/fbAQLP

exports[`should render an html string 1`] = `
"
    <html>
      <head>
        The title
        The meta
        <link rel=\\"stylesheet\\" href=\\"https://cdnjs.cloudflare.com/ajax/libs/normalize/7.0.0/normalize.min.css\\" />
        
      </head>
      <body>
        <div id=\\"root\\"><div data-reactroot=\\"\\"></div></div>
        <script>
          window.INITIAL_STATE = {\\"users\\":[],\\"admins\\":[],\\"auth\\":null}
        </script>
        <script src=\\"bundle.js\\"></script>
      </body>
    </html>
  "
`;
